// Jest Snapshot v1, https://goo.gl/fbAQLP

exports[`Sort should match snapshot 1`] = `
<button
  className="button is-primary is-small is-outlined"
  onClick={[Function]}
>
  â†•
</button>
`;
